[2021-01-12T22:52:34.780+0200][gc,heap] Heap region size: 1M
[2021-01-12T22:52:34.785+0200][gc     ] Using G1
[2021-01-12T22:52:34.785+0200][gc,heap,coops] Heap address: 0x00000000c0000000, size: 1024 MB, Compressed Oops mode: 32-bit
[2021-01-12T22:52:34.785+0200][gc,cds       ] Mark closed archive regions in map: [0x00000000ffe00000, 0x00000000ffe6aff8]
[2021-01-12T22:52:34.785+0200][gc,cds       ] Mark open archive regions in map: [0x00000000ffc00000, 0x00000000ffc46ff8]
[2021-01-12T22:52:35.367+0200][gc,start     ] GC(0) Pause Young (Normal) (G1 Evacuation Pause)
[2021-01-12T22:52:35.368+0200][gc,task      ] GC(0) Using 10 workers of 10 for evacuation
[2021-01-12T22:52:35.374+0200][gc,phases    ] GC(0)   Pre Evacuate Collection Set: 0.0ms
[2021-01-12T22:52:35.374+0200][gc,phases    ] GC(0)   Evacuate Collection Set: 5.5ms
[2021-01-12T22:52:35.374+0200][gc,phases    ] GC(0)   Post Evacuate Collection Set: 0.4ms
[2021-01-12T22:52:35.374+0200][gc,phases    ] GC(0)   Other: 0.8ms
[2021-01-12T22:52:35.374+0200][gc,heap      ] GC(0) Eden regions: 51->0(44)
[2021-01-12T22:52:35.374+0200][gc,heap      ] GC(0) Survivor regions: 0->7(7)
[2021-01-12T22:52:35.374+0200][gc,heap      ] GC(0) Old regions: 2->2
[2021-01-12T22:52:35.374+0200][gc,heap      ] GC(0) Humongous regions: 0->0
[2021-01-12T22:52:35.374+0200][gc,metaspace ] GC(0) Metaspace: 15656K->15656K(1062912K)
[2021-01-12T22:52:35.374+0200][gc           ] GC(0) Pause Young (Normal) (G1 Evacuation Pause) 51M->7M(1024M) 6.804ms
[2021-01-12T22:52:35.374+0200][gc,cpu       ] GC(0) User=0.05s Sys=0.00s Real=0.00s
[2021-01-12T22:52:35.528+0200][gc,start     ] GC(1) Pause Young (Concurrent Start) (Metadata GC Threshold)
[2021-01-12T22:52:35.528+0200][gc,task      ] GC(1) Using 10 workers of 10 for evacuation
[2021-01-12T22:52:35.535+0200][gc,phases    ] GC(1)   Pre Evacuate Collection Set: 0.0ms
[2021-01-12T22:52:35.535+0200][gc,phases    ] GC(1)   Evacuate Collection Set: 5.8ms
[2021-01-12T22:52:35.535+0200][gc,phases    ] GC(1)   Post Evacuate Collection Set: 0.3ms
[2021-01-12T22:52:35.535+0200][gc,phases    ] GC(1)   Other: 0.2ms
[2021-01-12T22:52:35.535+0200][gc,heap      ] GC(1) Eden regions: 20->0(50)
[2021-01-12T22:52:35.535+0200][gc,heap      ] GC(1) Survivor regions: 7->1(7)
[2021-01-12T22:52:35.535+0200][gc,heap      ] GC(1) Old regions: 2->9
[2021-01-12T22:52:35.535+0200][gc,heap      ] GC(1) Humongous regions: 0->0
[2021-01-12T22:52:35.535+0200][gc,metaspace ] GC(1) Metaspace: 20580K->20580K(1067008K)
[2021-01-12T22:52:35.535+0200][gc           ] GC(1) Pause Young (Concurrent Start) (Metadata GC Threshold) 26M->8M(1024M) 6.444ms
[2021-01-12T22:52:35.535+0200][gc,cpu       ] GC(1) User=0.03s Sys=0.01s Real=0.00s
[2021-01-12T22:52:35.535+0200][gc           ] GC(2) Concurrent Cycle
[2021-01-12T22:52:35.535+0200][gc,marking   ] GC(2) Concurrent Clear Claimed Marks
[2021-01-12T22:52:35.535+0200][gc,marking   ] GC(2) Concurrent Clear Claimed Marks 0.019ms
[2021-01-12T22:52:35.535+0200][gc,marking   ] GC(2) Concurrent Scan Root Regions
[2021-01-12T22:52:35.535+0200][gc,marking   ] GC(2) Concurrent Scan Root Regions 0.686ms
[2021-01-12T22:52:35.535+0200][gc,marking   ] GC(2) Concurrent Mark (0.758s)
[2021-01-12T22:52:35.535+0200][gc,marking   ] GC(2) Concurrent Mark From Roots
[2021-01-12T22:52:35.536+0200][gc,task      ] GC(2) Using 3 workers of 3 for marking
[2021-01-12T22:52:35.539+0200][gc,marking   ] GC(2) Concurrent Mark From Roots 3.379ms
[2021-01-12T22:52:35.539+0200][gc,marking   ] GC(2) Concurrent Preclean
[2021-01-12T22:52:35.539+0200][gc,marking   ] GC(2) Concurrent Preclean 0.077ms
[2021-01-12T22:52:35.539+0200][gc,marking   ] GC(2) Concurrent Mark (0.758s, 0.761s) 3.497ms
[2021-01-12T22:52:35.539+0200][gc,start     ] GC(2) Pause Remark
[2021-01-12T22:52:35.544+0200][gc,stringtable] GC(2) Cleaned string and symbol table, strings: 5024 processed, 0 removed, symbols: 49745 processed, 42 removed
[2021-01-12T22:52:35.544+0200][gc            ] GC(2) Pause Remark 9M->9M(1024M) 4.871ms
[2021-01-12T22:52:35.544+0200][gc,cpu        ] GC(2) User=0.04s Sys=0.00s Real=0.00s
[2021-01-12T22:52:35.544+0200][gc,marking    ] GC(2) Concurrent Rebuild Remembered Sets
[2021-01-12T22:52:35.546+0200][gc,marking    ] GC(2) Concurrent Rebuild Remembered Sets 1.583ms
[2021-01-12T22:52:35.546+0200][gc,start      ] GC(2) Pause Cleanup
[2021-01-12T22:52:35.546+0200][gc            ] GC(2) Pause Cleanup 9M->9M(1024M) 0.137ms
[2021-01-12T22:52:35.546+0200][gc,cpu        ] GC(2) User=0.00s Sys=0.00s Real=0.00s
[2021-01-12T22:52:35.546+0200][gc,marking    ] GC(2) Concurrent Cleanup for Next Mark
[2021-01-12T22:52:35.547+0200][gc,marking    ] GC(2) Concurrent Cleanup for Next Mark 1.515ms
[2021-01-12T22:52:35.547+0200][gc            ] GC(2) Concurrent Cycle 12.604ms
[2021-01-12T22:52:35.994+0200][gc,start      ] GC(3) Pause Young (Normal) (G1 Evacuation Pause)
[2021-01-12T22:52:35.994+0200][gc,task       ] GC(3) Using 10 workers of 10 for evacuation
[2021-01-12T22:52:35.997+0200][gc,phases     ] GC(3)   Pre Evacuate Collection Set: 0.0ms
[2021-01-12T22:52:35.997+0200][gc,phases     ] GC(3)   Evacuate Collection Set: 2.2ms
[2021-01-12T22:52:35.997+0200][gc,phases     ] GC(3)   Post Evacuate Collection Set: 0.3ms
[2021-01-12T22:52:35.997+0200][gc,phases     ] GC(3)   Other: 0.1ms
[2021-01-12T22:52:35.997+0200][gc,heap       ] GC(3) Eden regions: 50->0(46)
[2021-01-12T22:52:35.997+0200][gc,heap       ] GC(3) Survivor regions: 1->5(7)
[2021-01-12T22:52:35.997+0200][gc,heap       ] GC(3) Old regions: 9->9
[2021-01-12T22:52:35.997+0200][gc,heap       ] GC(3) Humongous regions: 129->129
[2021-01-12T22:52:35.997+0200][gc,metaspace  ] GC(3) Metaspace: 30467K->30467K(1077248K)
[2021-01-12T22:52:35.997+0200][gc            ] GC(3) Pause Young (Normal) (G1 Evacuation Pause) 187M->140M(1024M) 2.689ms
[2021-01-12T22:52:35.997+0200][gc,cpu        ] GC(3) User=0.02s Sys=0.00s Real=0.00s
[2021-01-12T22:52:36.092+0200][gc,start      ] GC(4) Pause Young (Concurrent Start) (Metadata GC Threshold)
[2021-01-12T22:52:36.092+0200][gc,task       ] GC(4) Using 10 workers of 10 for evacuation
[2021-01-12T22:52:36.095+0200][gc,phases     ] GC(4)   Pre Evacuate Collection Set: 0.1ms
[2021-01-12T22:52:36.095+0200][gc,phases     ] GC(4)   Evacuate Collection Set: 3.0ms
[2021-01-12T22:52:36.095+0200][gc,phases     ] GC(4)   Post Evacuate Collection Set: 0.2ms
[2021-01-12T22:52:36.095+0200][gc,phases     ] GC(4)   Other: 0.2ms
[2021-01-12T22:52:36.095+0200][gc,heap       ] GC(4) Eden regions: 18->0(49)
[2021-01-12T22:52:36.095+0200][gc,heap       ] GC(4) Survivor regions: 5->2(7)
[2021-01-12T22:52:36.095+0200][gc,heap       ] GC(4) Old regions: 9->13
[2021-01-12T22:52:36.095+0200][gc,heap       ] GC(4) Humongous regions: 129->129
[2021-01-12T22:52:36.095+0200][gc,metaspace  ] GC(4) Metaspace: 34573K->34573K(1081344K)
[2021-01-12T22:52:36.095+0200][gc            ] GC(4) Pause Young (Concurrent Start) (Metadata GC Threshold) 158M->141M(1024M) 3.590ms
[2021-01-12T22:52:36.096+0200][gc,cpu        ] GC(4) User=0.02s Sys=0.00s Real=0.00s
[2021-01-12T22:52:36.096+0200][gc            ] GC(5) Concurrent Cycle
[2021-01-12T22:52:36.096+0200][gc,marking    ] GC(5) Concurrent Clear Claimed Marks
[2021-01-12T22:52:36.096+0200][gc,marking    ] GC(5) Concurrent Clear Claimed Marks 0.034ms
[2021-01-12T22:52:36.096+0200][gc,marking    ] GC(5) Concurrent Scan Root Regions
[2021-01-12T22:52:36.096+0200][gc,marking    ] GC(5) Concurrent Scan Root Regions 0.583ms
[2021-01-12T22:52:36.096+0200][gc,marking    ] GC(5) Concurrent Mark (1.318s)
[2021-01-12T22:52:36.096+0200][gc,marking    ] GC(5) Concurrent Mark From Roots
[2021-01-12T22:52:36.096+0200][gc,task       ] GC(5) Using 3 workers of 3 for marking
[2021-01-12T22:52:36.103+0200][gc,marking    ] GC(5) Concurrent Mark From Roots 6.411ms
[2021-01-12T22:52:36.103+0200][gc,marking    ] GC(5) Concurrent Preclean
[2021-01-12T22:52:36.103+0200][gc,marking    ] GC(5) Concurrent Preclean 0.066ms
[2021-01-12T22:52:36.103+0200][gc,marking    ] GC(5) Concurrent Mark (1.318s, 1.325s) 6.517ms
[2021-01-12T22:52:36.103+0200][gc,start      ] GC(5) Pause Remark
[2021-01-12T22:52:36.104+0200][gc,stringtable] GC(5) Cleaned string and symbol table, strings: 10027 processed, 11 removed, symbols: 81587 processed, 10 removed
[2021-01-12T22:52:36.105+0200][gc            ] GC(5) Pause Remark 143M->143M(1024M) 1.759ms
[2021-01-12T22:52:36.105+0200][gc,cpu        ] GC(5) User=0.02s Sys=0.00s Real=0.00s
[2021-01-12T22:52:36.105+0200][gc,marking    ] GC(5) Concurrent Rebuild Remembered Sets
[2021-01-12T22:52:36.108+0200][gc,marking    ] GC(5) Concurrent Rebuild Remembered Sets 3.458ms
[2021-01-12T22:52:36.108+0200][gc,start      ] GC(5) Pause Cleanup
[2021-01-12T22:52:36.108+0200][gc            ] GC(5) Pause Cleanup 143M->143M(1024M) 0.139ms
[2021-01-12T22:52:36.108+0200][gc,cpu        ] GC(5) User=0.00s Sys=0.00s Real=0.00s
[2021-01-12T22:52:36.108+0200][gc,marking    ] GC(5) Concurrent Cleanup for Next Mark
[2021-01-12T22:52:36.111+0200][gc,marking    ] GC(5) Concurrent Cleanup for Next Mark 2.532ms
[2021-01-12T22:52:36.111+0200][gc            ] GC(5) Concurrent Cycle 15.446ms
[2021-01-12T22:58:06.158+0200][gc,start      ] GC(6) Pause Young (Normal) (G1 Evacuation Pause)
[2021-01-12T22:58:06.158+0200][gc,task       ] GC(6) Using 10 workers of 10 for evacuation
[2021-01-12T22:58:06.165+0200][gc,phases     ] GC(6)   Pre Evacuate Collection Set: 0.0ms
[2021-01-12T22:58:06.165+0200][gc,phases     ] GC(6)   Evacuate Collection Set: 5.6ms
[2021-01-12T22:58:06.165+0200][gc,phases     ] GC(6)   Post Evacuate Collection Set: 0.6ms
[2021-01-12T22:58:06.165+0200][gc,phases     ] GC(6)   Other: 0.4ms
[2021-01-12T22:58:06.165+0200][gc,heap       ] GC(6) Eden regions: 49->0(47)
[2021-01-12T22:58:06.165+0200][gc,heap       ] GC(6) Survivor regions: 2->4(7)
[2021-01-12T22:58:06.165+0200][gc,heap       ] GC(6) Old regions: 13->13
[2021-01-12T22:58:06.165+0200][gc,heap       ] GC(6) Humongous regions: 129->129
[2021-01-12T22:58:06.165+0200][gc,metaspace  ] GC(6) Metaspace: 40341K->40341K(1085440K)
[2021-01-12T22:58:06.165+0200][gc            ] GC(6) Pause Young (Normal) (G1 Evacuation Pause) 190M->144M(1024M) 6.616ms
[2021-01-12T22:58:06.165+0200][gc,cpu        ] GC(6) User=0.05s Sys=0.01s Real=0.01s
