[2021-01-12T22:48:40.510+0200][gc,heap] Heap region size: 1M
[2021-01-12T22:48:40.517+0200][gc     ] Using G1
[2021-01-12T22:48:40.517+0200][gc,heap,coops] Heap address: 0x00000000c0000000, size: 1024 MB, Compressed Oops mode: 32-bit
[2021-01-12T22:48:40.517+0200][gc,cds       ] Mark closed archive regions in map: [0x00000000ffe00000, 0x00000000ffe6aff8]
[2021-01-12T22:48:40.517+0200][gc,cds       ] Mark open archive regions in map: [0x00000000ffc00000, 0x00000000ffc46ff8]
[2021-01-12T22:48:41.165+0200][gc,start     ] GC(0) Pause Young (Normal) (G1 Evacuation Pause)
[2021-01-12T22:48:41.166+0200][gc,task      ] GC(0) Using 10 workers of 10 for evacuation
[2021-01-12T22:48:41.178+0200][gc,phases    ] GC(0)   Pre Evacuate Collection Set: 0.0ms
[2021-01-12T22:48:41.178+0200][gc,phases    ] GC(0)   Evacuate Collection Set: 11.4ms
[2021-01-12T22:48:41.178+0200][gc,phases    ] GC(0)   Post Evacuate Collection Set: 0.5ms
[2021-01-12T22:48:41.178+0200][gc,phases    ] GC(0)   Other: 1.8ms
[2021-01-12T22:48:41.178+0200][gc,heap      ] GC(0) Eden regions: 51->0(44)
[2021-01-12T22:48:41.178+0200][gc,heap      ] GC(0) Survivor regions: 0->7(7)
[2021-01-12T22:48:41.178+0200][gc,heap      ] GC(0) Old regions: 2->2
[2021-01-12T22:48:41.178+0200][gc,heap      ] GC(0) Humongous regions: 0->0
[2021-01-12T22:48:41.178+0200][gc,metaspace ] GC(0) Metaspace: 15683K->15683K(1062912K)
[2021-01-12T22:48:41.178+0200][gc           ] GC(0) Pause Young (Normal) (G1 Evacuation Pause) 51M->7M(1024M) 13.702ms
[2021-01-12T22:48:41.178+0200][gc,cpu       ] GC(0) User=0.11s Sys=0.00s Real=0.01s
[2021-01-12T22:48:41.335+0200][gc,start     ] GC(1) Pause Young (Concurrent Start) (Metadata GC Threshold)
[2021-01-12T22:48:41.335+0200][gc,task      ] GC(1) Using 10 workers of 10 for evacuation
[2021-01-12T22:48:41.340+0200][gc,phases    ] GC(1)   Pre Evacuate Collection Set: 0.0ms
[2021-01-12T22:48:41.340+0200][gc,phases    ] GC(1)   Evacuate Collection Set: 4.2ms
[2021-01-12T22:48:41.340+0200][gc,phases    ] GC(1)   Post Evacuate Collection Set: 0.2ms
[2021-01-12T22:48:41.340+0200][gc,phases    ] GC(1)   Other: 0.2ms
[2021-01-12T22:48:41.340+0200][gc,heap      ] GC(1) Eden regions: 20->0(49)
[2021-01-12T22:48:41.340+0200][gc,heap      ] GC(1) Survivor regions: 7->2(7)
[2021-01-12T22:48:41.340+0200][gc,heap      ] GC(1) Old regions: 2->9
[2021-01-12T22:48:41.340+0200][gc,heap      ] GC(1) Humongous regions: 0->0
[2021-01-12T22:48:41.340+0200][gc,metaspace ] GC(1) Metaspace: 20602K->20602K(1067008K)
[2021-01-12T22:48:41.340+0200][gc           ] GC(1) Pause Young (Concurrent Start) (Metadata GC Threshold) 26M->8M(1024M) 4.617ms
[2021-01-12T22:48:41.340+0200][gc,cpu       ] GC(1) User=0.03s Sys=0.00s Real=0.01s
[2021-01-12T22:48:41.340+0200][gc           ] GC(2) Concurrent Cycle
[2021-01-12T22:48:41.340+0200][gc,marking   ] GC(2) Concurrent Clear Claimed Marks
[2021-01-12T22:48:41.340+0200][gc,marking   ] GC(2) Concurrent Clear Claimed Marks 0.013ms
[2021-01-12T22:48:41.340+0200][gc,marking   ] GC(2) Concurrent Scan Root Regions
[2021-01-12T22:48:41.341+0200][gc,marking   ] GC(2) Concurrent Scan Root Regions 0.614ms
[2021-01-12T22:48:41.341+0200][gc,marking   ] GC(2) Concurrent Mark (0.834s)
[2021-01-12T22:48:41.341+0200][gc,marking   ] GC(2) Concurrent Mark From Roots
[2021-01-12T22:48:41.342+0200][gc,task      ] GC(2) Using 3 workers of 3 for marking
[2021-01-12T22:48:41.344+0200][gc,marking   ] GC(2) Concurrent Mark From Roots 3.335ms
[2021-01-12T22:48:41.344+0200][gc,marking   ] GC(2) Concurrent Preclean
[2021-01-12T22:48:41.344+0200][gc,marking   ] GC(2) Concurrent Preclean 0.059ms
[2021-01-12T22:48:41.344+0200][gc,marking   ] GC(2) Concurrent Mark (0.834s, 0.837s) 3.426ms
[2021-01-12T22:48:41.344+0200][gc,start     ] GC(2) Pause Remark
[2021-01-12T22:48:41.345+0200][gc,stringtable] GC(2) Cleaned string and symbol table, strings: 5026 processed, 0 removed, symbols: 49790 processed, 42 removed
[2021-01-12T22:48:41.345+0200][gc            ] GC(2) Pause Remark 9M->9M(1024M) 1.006ms
[2021-01-12T22:48:41.345+0200][gc,cpu        ] GC(2) User=0.00s Sys=0.00s Real=0.00s
[2021-01-12T22:48:41.345+0200][gc,marking    ] GC(2) Concurrent Rebuild Remembered Sets
[2021-01-12T22:48:41.347+0200][gc,marking    ] GC(2) Concurrent Rebuild Remembered Sets 1.586ms
[2021-01-12T22:48:41.348+0200][gc,start      ] GC(2) Pause Cleanup
[2021-01-12T22:48:41.348+0200][gc            ] GC(2) Pause Cleanup 9M->9M(1024M) 0.166ms
[2021-01-12T22:48:41.348+0200][gc,cpu        ] GC(2) User=0.00s Sys=0.00s Real=0.00s
[2021-01-12T22:48:41.348+0200][gc,marking    ] GC(2) Concurrent Cleanup for Next Mark
[2021-01-12T22:48:41.350+0200][gc,marking    ] GC(2) Concurrent Cleanup for Next Mark 1.712ms
[2021-01-12T22:48:41.350+0200][gc            ] GC(2) Concurrent Cycle 9.598ms
[2021-01-12T22:48:42.329+0200][gc,start      ] GC(3) Pause Young (Normal) (G1 Evacuation Pause)
[2021-01-12T22:48:42.329+0200][gc,task       ] GC(3) Using 10 workers of 10 for evacuation
[2021-01-12T22:48:42.332+0200][gc,phases     ] GC(3)   Pre Evacuate Collection Set: 0.0ms
[2021-01-12T22:48:42.332+0200][gc,phases     ] GC(3)   Evacuate Collection Set: 2.1ms
[2021-01-12T22:48:42.332+0200][gc,phases     ] GC(3)   Post Evacuate Collection Set: 0.5ms
[2021-01-12T22:48:42.332+0200][gc,phases     ] GC(3)   Other: 0.1ms
[2021-01-12T22:48:42.332+0200][gc,heap       ] GC(3) Eden regions: 49->0(47)
[2021-01-12T22:48:42.332+0200][gc,heap       ] GC(3) Survivor regions: 2->4(7)
[2021-01-12T22:48:42.332+0200][gc,heap       ] GC(3) Old regions: 9->9
[2021-01-12T22:48:42.332+0200][gc,heap       ] GC(3) Humongous regions: 129->0
[2021-01-12T22:48:42.332+0200][gc,metaspace  ] GC(3) Metaspace: 29911K->29911K(1077248K)
[2021-01-12T22:48:42.332+0200][gc            ] GC(3) Pause Young (Normal) (G1 Evacuation Pause) 186M->10M(1024M) 2.864ms
[2021-01-12T22:48:42.332+0200][gc,cpu        ] GC(3) User=0.02s Sys=0.00s Real=0.00s
[2021-01-12T22:48:45.360+0200][gc,heap,exit  ] Heap
[2021-01-12T22:48:45.360+0200][gc,heap,exit  ]  garbage-first heap   total 1048576K, used 16094K [0x00000000c0000000, 0x0000000100000000)
[2021-01-12T22:48:45.360+0200][gc,heap,exit  ]   region size 1024K, 10 young (10240K), 4 survivors (4096K)
[2021-01-12T22:48:45.360+0200][gc,heap,exit  ]  Metaspace       used 30137K, capacity 31108K, committed 31360K, reserved 1077248K
[2021-01-12T22:48:45.360+0200][gc,heap,exit  ]   class space    used 3558K, capacity 3951K, committed 3968K, reserved 1048576K
