[2021-01-12T22:39:05.734+0200][gc,heap] Heap region size: 1M
[2021-01-12T22:39:05.739+0200][gc     ] Using G1
[2021-01-12T22:39:05.739+0200][gc,heap,coops] Heap address: 0x00000000c0000000, size: 1024 MB, Compressed Oops mode: 32-bit
[2021-01-12T22:39:05.739+0200][gc,cds       ] Mark closed archive regions in map: [0x00000000ffe00000, 0x00000000ffe6aff8]
[2021-01-12T22:39:05.739+0200][gc,cds       ] Mark open archive regions in map: [0x00000000ffc00000, 0x00000000ffc46ff8]
[2021-01-12T22:39:06.361+0200][gc,start     ] GC(0) Pause Young (Normal) (G1 Evacuation Pause)
[2021-01-12T22:39:06.362+0200][gc,task      ] GC(0) Using 10 workers of 10 for evacuation
[2021-01-12T22:39:06.368+0200][gc,phases    ] GC(0)   Pre Evacuate Collection Set: 0.0ms
[2021-01-12T22:39:06.368+0200][gc,phases    ] GC(0)   Evacuate Collection Set: 5.4ms
[2021-01-12T22:39:06.368+0200][gc,phases    ] GC(0)   Post Evacuate Collection Set: 0.4ms
[2021-01-12T22:39:06.368+0200][gc,phases    ] GC(0)   Other: 1.0ms
[2021-01-12T22:39:06.368+0200][gc,heap      ] GC(0) Eden regions: 51->0(44)
[2021-01-12T22:39:06.368+0200][gc,heap      ] GC(0) Survivor regions: 0->7(7)
[2021-01-12T22:39:06.368+0200][gc,heap      ] GC(0) Old regions: 2->2
[2021-01-12T22:39:06.368+0200][gc,heap      ] GC(0) Humongous regions: 0->0
[2021-01-12T22:39:06.368+0200][gc,metaspace ] GC(0) Metaspace: 15636K->15636K(1062912K)
[2021-01-12T22:39:06.368+0200][gc           ] GC(0) Pause Young (Normal) (G1 Evacuation Pause) 51M->7M(1024M) 6.891ms
[2021-01-12T22:39:06.368+0200][gc,cpu       ] GC(0) User=0.05s Sys=0.00s Real=0.01s
[2021-01-12T22:39:06.540+0200][gc,start     ] GC(1) Pause Young (Concurrent Start) (Metadata GC Threshold)
[2021-01-12T22:39:06.540+0200][gc,task      ] GC(1) Using 10 workers of 10 for evacuation
[2021-01-12T22:39:06.545+0200][gc,phases    ] GC(1)   Pre Evacuate Collection Set: 0.0ms
[2021-01-12T22:39:06.545+0200][gc,phases    ] GC(1)   Evacuate Collection Set: 4.8ms
[2021-01-12T22:39:06.545+0200][gc,phases    ] GC(1)   Post Evacuate Collection Set: 0.3ms
[2021-01-12T22:39:06.545+0200][gc,phases    ] GC(1)   Other: 0.2ms
[2021-01-12T22:39:06.545+0200][gc,heap      ] GC(1) Eden regions: 20->0(49)
[2021-01-12T22:39:06.545+0200][gc,heap      ] GC(1) Survivor regions: 7->2(7)
[2021-01-12T22:39:06.545+0200][gc,heap      ] GC(1) Old regions: 2->9
[2021-01-12T22:39:06.545+0200][gc,heap      ] GC(1) Humongous regions: 0->0
[2021-01-12T22:39:06.545+0200][gc,metaspace ] GC(1) Metaspace: 20608K->20608K(1067008K)
[2021-01-12T22:39:06.545+0200][gc           ] GC(1) Pause Young (Concurrent Start) (Metadata GC Threshold) 27M->7M(1024M) 5.343ms
[2021-01-12T22:39:06.545+0200][gc,cpu       ] GC(1) User=0.03s Sys=0.00s Real=0.00s
[2021-01-12T22:39:06.546+0200][gc           ] GC(2) Concurrent Cycle
[2021-01-12T22:39:06.546+0200][gc,marking   ] GC(2) Concurrent Clear Claimed Marks
[2021-01-12T22:39:06.546+0200][gc,marking   ] GC(2) Concurrent Clear Claimed Marks 0.025ms
[2021-01-12T22:39:06.546+0200][gc,marking   ] GC(2) Concurrent Scan Root Regions
[2021-01-12T22:39:06.546+0200][gc,marking   ] GC(2) Concurrent Scan Root Regions 0.640ms
[2021-01-12T22:39:06.546+0200][gc,marking   ] GC(2) Concurrent Mark (0.814s)
[2021-01-12T22:39:06.546+0200][gc,marking   ] GC(2) Concurrent Mark From Roots
[2021-01-12T22:39:06.546+0200][gc,task      ] GC(2) Using 3 workers of 3 for marking
[2021-01-12T22:39:06.549+0200][gc,marking   ] GC(2) Concurrent Mark From Roots 2.404ms
[2021-01-12T22:39:06.549+0200][gc,marking   ] GC(2) Concurrent Preclean
[2021-01-12T22:39:06.549+0200][gc,marking   ] GC(2) Concurrent Preclean 0.051ms
[2021-01-12T22:39:06.549+0200][gc,marking   ] GC(2) Concurrent Mark (0.814s, 0.816s) 2.474ms
[2021-01-12T22:39:06.549+0200][gc,start     ] GC(2) Pause Remark
[2021-01-12T22:39:06.550+0200][gc,stringtable] GC(2) Cleaned string and symbol table, strings: 5095 processed, 0 removed, symbols: 50683 processed, 42 removed
[2021-01-12T22:39:06.550+0200][gc            ] GC(2) Pause Remark 8M->8M(1024M) 1.082ms
[2021-01-12T22:39:06.550+0200][gc,cpu        ] GC(2) User=0.01s Sys=0.00s Real=0.00s
[2021-01-12T22:39:06.550+0200][gc,marking    ] GC(2) Concurrent Rebuild Remembered Sets
[2021-01-12T22:39:06.552+0200][gc,marking    ] GC(2) Concurrent Rebuild Remembered Sets 1.985ms
[2021-01-12T22:39:06.552+0200][gc,start      ] GC(2) Pause Cleanup
[2021-01-12T22:39:06.552+0200][gc            ] GC(2) Pause Cleanup 8M->8M(1024M) 0.161ms
[2021-01-12T22:39:06.552+0200][gc,cpu        ] GC(2) User=0.00s Sys=0.00s Real=0.00s
[2021-01-12T22:39:06.552+0200][gc,marking    ] GC(2) Concurrent Cleanup for Next Mark
[2021-01-12T22:39:06.554+0200][gc,marking    ] GC(2) Concurrent Cleanup for Next Mark 2.277ms
[2021-01-12T22:39:06.554+0200][gc            ] GC(2) Concurrent Cycle 8.927ms
[2021-01-12T22:39:06.958+0200][gc,start      ] GC(3) Pause Young (Normal) (G1 Evacuation Pause)
[2021-01-12T22:39:06.958+0200][gc,task       ] GC(3) Using 10 workers of 10 for evacuation
[2021-01-12T22:39:06.960+0200][gc,phases     ] GC(3)   Pre Evacuate Collection Set: 0.0ms
[2021-01-12T22:39:06.960+0200][gc,phases     ] GC(3)   Evacuate Collection Set: 1.6ms
[2021-01-12T22:39:06.960+0200][gc,phases     ] GC(3)   Post Evacuate Collection Set: 0.3ms
[2021-01-12T22:39:06.960+0200][gc,phases     ] GC(3)   Other: 0.1ms
[2021-01-12T22:39:06.960+0200][gc,heap       ] GC(3) Eden regions: 49->0(46)
[2021-01-12T22:39:06.960+0200][gc,heap       ] GC(3) Survivor regions: 2->5(7)
[2021-01-12T22:39:06.960+0200][gc,heap       ] GC(3) Old regions: 9->9
[2021-01-12T22:39:06.960+0200][gc,heap       ] GC(3) Humongous regions: 129->129
[2021-01-12T22:39:06.960+0200][gc,metaspace  ] GC(3) Metaspace: 29923K->29923K(1077248K)
[2021-01-12T22:39:06.960+0200][gc            ] GC(3) Pause Young (Normal) (G1 Evacuation Pause) 185M->140M(1024M) 2.102ms
[2021-01-12T22:39:06.960+0200][gc,cpu        ] GC(3) User=0.03s Sys=0.00s Real=0.01s
[2021-01-12T22:39:34.431+0200][gc,start      ] GC(4) Pause Young (Concurrent Start) (Metadata GC Threshold)
[2021-01-12T22:39:34.431+0200][gc,task       ] GC(4) Using 10 workers of 10 for evacuation
[2021-01-12T22:39:34.436+0200][gc,phases     ] GC(4)   Pre Evacuate Collection Set: 0.1ms
[2021-01-12T22:39:34.436+0200][gc,phases     ] GC(4)   Evacuate Collection Set: 4.2ms
[2021-01-12T22:39:34.436+0200][gc,phases     ] GC(4)   Post Evacuate Collection Set: 0.4ms
[2021-01-12T22:39:34.436+0200][gc,phases     ] GC(4)   Other: 0.2ms
[2021-01-12T22:39:34.436+0200][gc,heap       ] GC(4) Eden regions: 21->0(49)
[2021-01-12T22:39:34.436+0200][gc,heap       ] GC(4) Survivor regions: 5->2(7)
[2021-01-12T22:39:34.436+0200][gc,heap       ] GC(4) Old regions: 9->13
[2021-01-12T22:39:34.436+0200][gc,heap       ] GC(4) Humongous regions: 129->129
[2021-01-12T22:39:34.436+0200][gc,metaspace  ] GC(4) Metaspace: 34584K->34584K(1081344K)
[2021-01-12T22:39:34.436+0200][gc            ] GC(4) Pause Young (Concurrent Start) (Metadata GC Threshold) 161M->141M(1024M) 4.838ms
[2021-01-12T22:39:34.436+0200][gc,cpu        ] GC(4) User=0.02s Sys=0.00s Real=0.00s
[2021-01-12T22:39:34.436+0200][gc            ] GC(5) Concurrent Cycle
[2021-01-12T22:39:34.436+0200][gc,marking    ] GC(5) Concurrent Clear Claimed Marks
[2021-01-12T22:39:34.436+0200][gc,marking    ] GC(5) Concurrent Clear Claimed Marks 0.031ms
[2021-01-12T22:39:34.436+0200][gc,marking    ] GC(5) Concurrent Scan Root Regions
[2021-01-12T22:39:34.437+0200][gc,marking    ] GC(5) Concurrent Scan Root Regions 0.767ms
[2021-01-12T22:39:34.437+0200][gc,marking    ] GC(5) Concurrent Mark (28.705s)
[2021-01-12T22:39:34.437+0200][gc,marking    ] GC(5) Concurrent Mark From Roots
[2021-01-12T22:39:34.437+0200][gc,task       ] GC(5) Using 3 workers of 3 for marking
[2021-01-12T22:39:34.443+0200][gc,marking    ] GC(5) Concurrent Mark From Roots 5.518ms
[2021-01-12T22:39:34.443+0200][gc,marking    ] GC(5) Concurrent Preclean
[2021-01-12T22:39:34.443+0200][gc,marking    ] GC(5) Concurrent Preclean 0.050ms
[2021-01-12T22:39:34.443+0200][gc,marking    ] GC(5) Concurrent Mark (28.705s, 28.710s) 5.620ms
[2021-01-12T22:39:34.443+0200][gc,start      ] GC(5) Pause Remark
[2021-01-12T22:39:34.444+0200][gc,stringtable] GC(5) Cleaned string and symbol table, strings: 10091 processed, 11 removed, symbols: 79896 processed, 9 removed
[2021-01-12T22:39:34.444+0200][gc            ] GC(5) Pause Remark 141M->141M(1024M) 1.393ms
[2021-01-12T22:39:34.444+0200][gc,cpu        ] GC(5) User=0.01s Sys=0.01s Real=0.00s
[2021-01-12T22:39:34.444+0200][gc,marking    ] GC(5) Concurrent Rebuild Remembered Sets
[2021-01-12T22:39:34.447+0200][gc,marking    ] GC(5) Concurrent Rebuild Remembered Sets 2.692ms
[2021-01-12T22:39:34.447+0200][gc,start      ] GC(5) Pause Cleanup
[2021-01-12T22:39:34.447+0200][gc            ] GC(5) Pause Cleanup 141M->141M(1024M) 0.238ms
[2021-01-12T22:39:34.447+0200][gc,cpu        ] GC(5) User=0.00s Sys=0.00s Real=0.00s
[2021-01-12T22:39:34.447+0200][gc,marking    ] GC(5) Concurrent Cleanup for Next Mark
[2021-01-12T22:39:34.449+0200][gc,marking    ] GC(5) Concurrent Cleanup for Next Mark 1.550ms
[2021-01-12T22:39:34.449+0200][gc            ] GC(5) Concurrent Cycle 12.649ms
[2021-01-12T22:43:38.584+0200][gc,heap,exit  ] Heap
[2021-01-12T22:43:38.585+0200][gc,heap,exit  ]  garbage-first heap   total 1048576K, used 159548K [0x00000000c0000000, 0x0000000100000000)
[2021-01-12T22:43:38.585+0200][gc,heap,exit  ]   region size 1024K, 17 young (17408K), 2 survivors (2048K)
[2021-01-12T22:43:38.585+0200][gc,heap,exit  ]  Metaspace       used 35777K, capacity 37200K, committed 37504K, reserved 1081344K
[2021-01-12T22:43:38.585+0200][gc,heap,exit  ]   class space    used 4240K, capacity 4873K, committed 4992K, reserved 1048576K
