[2021-01-12T22:52:34.780+0200][gc,heap] Heap region size: 1M
[2021-01-12T22:52:34.785+0200][gc     ] Using G1
[2021-01-12T22:52:34.785+0200][gc,heap,coops] Heap address: 0x00000000c0000000, size: 1024 MB, Compressed Oops mode: 32-bit
[2021-01-12T22:52:34.785+0200][gc,cds       ] Mark closed archive regions in map: [0x00000000ffe00000, 0x00000000ffe6aff8]
[2021-01-12T22:52:34.785+0200][gc,cds       ] Mark open archive regions in map: [0x00000000ffc00000, 0x00000000ffc46ff8]
[2021-01-12T22:52:35.367+0200][gc,start     ] GC(0) Pause Young (Normal) (G1 Evacuation Pause)
[2021-01-12T22:52:35.368+0200][gc,task      ] GC(0) Using 10 workers of 10 for evacuation
[2021-01-12T22:52:35.374+0200][gc,phases    ] GC(0)   Pre Evacuate Collection Set: 0.0ms
[2021-01-12T22:52:35.374+0200][gc,phases    ] GC(0)   Evacuate Collection Set: 5.5ms
[2021-01-12T22:52:35.374+0200][gc,phases    ] GC(0)   Post Evacuate Collection Set: 0.4ms
[2021-01-12T22:52:35.374+0200][gc,phases    ] GC(0)   Other: 0.8ms
[2021-01-12T22:52:35.374+0200][gc,heap      ] GC(0) Eden regions: 51->0(44)
[2021-01-12T22:52:35.374+0200][gc,heap      ] GC(0) Survivor regions: 0->7(7)
[2021-01-12T22:52:35.374+0200][gc,heap      ] GC(0) Old regions: 2->2
[2021-01-12T22:52:35.374+0200][gc,heap      ] GC(0) Humongous regions: 0->0
[2021-01-12T22:52:35.374+0200][gc,metaspace ] GC(0) Metaspace: 15656K->15656K(1062912K)
[2021-01-12T22:52:35.374+0200][gc           ] GC(0) Pause Young (Normal) (G1 Evacuation Pause) 51M->7M(1024M) 6.804ms
[2021-01-12T22:52:35.374+0200][gc,cpu       ] GC(0) User=0.05s Sys=0.00s Real=0.00s
[2021-01-12T22:52:35.528+0200][gc,start     ] GC(1) Pause Young (Concurrent Start) (Metadata GC Threshold)
[2021-01-12T22:52:35.528+0200][gc,task      ] GC(1) Using 10 workers of 10 for evacuation
[2021-01-12T22:52:35.535+0200][gc,phases    ] GC(1)   Pre Evacuate Collection Set: 0.0ms
[2021-01-12T22:52:35.535+0200][gc,phases    ] GC(1)   Evacuate Collection Set: 5.8ms
[2021-01-12T22:52:35.535+0200][gc,phases    ] GC(1)   Post Evacuate Collection Set: 0.3ms
[2021-01-12T22:52:35.535+0200][gc,phases    ] GC(1)   Other: 0.2ms
[2021-01-12T22:52:35.535+0200][gc,heap      ] GC(1) Eden regions: 20->0(50)
[2021-01-12T22:52:35.535+0200][gc,heap      ] GC(1) Survivor regions: 7->1(7)
[2021-01-12T22:52:35.535+0200][gc,heap      ] GC(1) Old regions: 2->9
[2021-01-12T22:52:35.535+0200][gc,heap      ] GC(1) Humongous regions: 0->0
[2021-01-12T22:52:35.535+0200][gc,metaspace ] GC(1) Metaspace: 20580K->20580K(1067008K)
[2021-01-12T22:52:35.535+0200][gc           ] GC(1) Pause Young (Concurrent Start) (Metadata GC Threshold) 26M->8M(1024M) 6.444ms
[2021-01-12T22:52:35.535+0200][gc,cpu       ] GC(1) User=0.03s Sys=0.01s Real=0.00s
[2021-01-12T22:52:35.535+0200][gc           ] GC(2) Concurrent Cycle
[2021-01-12T22:52:35.535+0200][gc,marking   ] GC(2) Concurrent Clear Claimed Marks
[2021-01-12T22:52:35.535+0200][gc,marking   ] GC(2) Concurrent Clear Claimed Marks 0.019ms
[2021-01-12T22:52:35.535+0200][gc,marking   ] GC(2) Concurrent Scan Root Regions
[2021-01-12T22:52:35.535+0200][gc,marking   ] GC(2) Concurrent Scan Root Regions 0.686ms
[2021-01-12T22:52:35.535+0200][gc,marking   ] GC(2) Concurrent Mark (0.758s)
[2021-01-12T22:52:35.535+0200][gc,marking   ] GC(2) Concurrent Mark From Roots
[2021-01-12T22:52:35.536+0200][gc,task      ] GC(2) Using 3 workers of 3 for marking
[2021-01-12T22:52:35.539+0200][gc,marking   ] GC(2) Concurrent Mark From Roots 3.379ms
[2021-01-12T22:52:35.539+0200][gc,marking   ] GC(2) Concurrent Preclean
[2021-01-12T22:52:35.539+0200][gc,marking   ] GC(2) Concurrent Preclean 0.077ms
[2021-01-12T22:52:35.539+0200][gc,marking   ] GC(2) Concurrent Mark (0.758s, 0.761s) 3.497ms
[2021-01-12T22:52:35.539+0200][gc,start     ] GC(2) Pause Remark
[2021-01-12T22:52:35.544+0200][gc,stringtable] GC(2) Cleaned string and symbol table, strings: 5024 processed, 0 removed, symbols: 49745 processed, 42 removed
[2021-01-12T22:52:35.544+0200][gc            ] GC(2) Pause Remark 9M->9M(1024M) 4.871ms
[2021-01-12T22:52:35.544+0200][gc,cpu        ] GC(2) User=0.04s Sys=0.00s Real=0.00s
[2021-01-12T22:52:35.544+0200][gc,marking    ] GC(2) Concurrent Rebuild Remembered Sets
[2021-01-12T22:52:35.546+0200][gc,marking    ] GC(2) Concurrent Rebuild Remembered Sets 1.583ms
[2021-01-12T22:52:35.546+0200][gc,start      ] GC(2) Pause Cleanup
[2021-01-12T22:52:35.546+0200][gc            ] GC(2) Pause Cleanup 9M->9M(1024M) 0.137ms
[2021-01-12T22:52:35.546+0200][gc,cpu        ] GC(2) User=0.00s Sys=0.00s Real=0.00s
[2021-01-12T22:52:35.546+0200][gc,marking    ] GC(2) Concurrent Cleanup for Next Mark
[2021-01-12T22:52:35.547+0200][gc,marking    ] GC(2) Concurrent Cleanup for Next Mark 1.515ms
[2021-01-12T22:52:35.547+0200][gc            ] GC(2) Concurrent Cycle 12.604ms
[2021-01-12T22:52:35.994+0200][gc,start      ] GC(3) Pause Young (Normal) (G1 Evacuation Pause)
[2021-01-12T22:52:35.994+0200][gc,task       ] GC(3) Using 10 workers of 10 for evacuation
[2021-01-12T22:52:35.997+0200][gc,phases     ] GC(3)   Pre Evacuate Collection Set: 0.0ms
[2021-01-12T22:52:35.997+0200][gc,phases     ] GC(3)   Evacuate Collection Set: 2.2ms
[2021-01-12T22:52:35.997+0200][gc,phases     ] GC(3)   Post Evacuate Collection Set: 0.3ms
[2021-01-12T22:52:35.997+0200][gc,phases     ] GC(3)   Other: 0.1ms
[2021-01-12T22:52:35.997+0200][gc,heap       ] GC(3) Eden regions: 50->0(46)
[2021-01-12T22:52:35.997+0200][gc,heap       ] GC(3) Survivor regions: 1->5(7)
[2021-01-12T22:52:35.997+0200][gc,heap       ] GC(3) Old regions: 9->9
[2021-01-12T22:52:35.997+0200][gc,heap       ] GC(3) Humongous regions: 129->129
[2021-01-12T22:52:35.997+0200][gc,metaspace  ] GC(3) Metaspace: 30467K->30467K(1077248K)
[2021-01-12T22:52:35.997+0200][gc            ] GC(3) Pause Young (Normal) (G1 Evacuation Pause) 187M->140M(1024M) 2.689ms
[2021-01-12T22:52:35.997+0200][gc,cpu        ] GC(3) User=0.02s Sys=0.00s Real=0.00s
[2021-01-12T22:52:36.092+0200][gc,start      ] GC(4) Pause Young (Concurrent Start) (Metadata GC Threshold)
[2021-01-12T22:52:36.092+0200][gc,task       ] GC(4) Using 10 workers of 10 for evacuation
[2021-01-12T22:52:36.095+0200][gc,phases     ] GC(4)   Pre Evacuate Collection Set: 0.1ms
[2021-01-12T22:52:36.095+0200][gc,phases     ] GC(4)   Evacuate Collection Set: 3.0ms
[2021-01-12T22:52:36.095+0200][gc,phases     ] GC(4)   Post Evacuate Collection Set: 0.2ms
[2021-01-12T22:52:36.095+0200][gc,phases     ] GC(4)   Other: 0.2ms
[2021-01-12T22:52:36.095+0200][gc,heap       ] GC(4) Eden regions: 18->0(49)
[2021-01-12T22:52:36.095+0200][gc,heap       ] GC(4) Survivor regions: 5->2(7)
[2021-01-12T22:52:36.095+0200][gc,heap       ] GC(4) Old regions: 9->13
[2021-01-12T22:52:36.095+0200][gc,heap       ] GC(4) Humongous regions: 129->129
[2021-01-12T22:52:36.095+0200][gc,metaspace  ] GC(4) Metaspace: 34573K->34573K(1081344K)
[2021-01-12T22:52:36.095+0200][gc            ] GC(4) Pause Young (Concurrent Start) (Metadata GC Threshold) 158M->141M(1024M) 3.590ms
[2021-01-12T22:52:36.096+0200][gc,cpu        ] GC(4) User=0.02s Sys=0.00s Real=0.00s
[2021-01-12T22:52:36.096+0200][gc            ] GC(5) Concurrent Cycle
[2021-01-12T22:52:36.096+0200][gc,marking    ] GC(5) Concurrent Clear Claimed Marks
[2021-01-12T22:52:36.096+0200][gc,marking    ] GC(5) Concurrent Clear Claimed Marks 0.034ms
[2021-01-12T22:52:36.096+0200][gc,marking    ] GC(5) Concurrent Scan Root Regions
[2021-01-12T22:52:36.096+0200][gc,marking    ] GC(5) Concurrent Scan Root Regions 0.583ms
[2021-01-12T22:52:36.096+0200][gc,marking    ] GC(5) Concurrent Mark (1.318s)
[2021-01-12T22:52:36.096+0200][gc,marking    ] GC(5) Concurrent Mark From Roots
[2021-01-12T22:52:36.096+0200][gc,task       ] GC(5) Using 3 workers of 3 for marking
[2021-01-12T22:52:36.103+0200][gc,marking    ] GC(5) Concurrent Mark From Roots 6.411ms
[2021-01-12T22:52:36.103+0200][gc,marking    ] GC(5) Concurrent Preclean
[2021-01-12T22:52:36.103+0200][gc,marking    ] GC(5) Concurrent Preclean 0.066ms
[2021-01-12T22:52:36.103+0200][gc,marking    ] GC(5) Concurrent Mark (1.318s, 1.325s) 6.517ms
[2021-01-12T22:52:36.103+0200][gc,start      ] GC(5) Pause Remark
[2021-01-12T22:52:36.104+0200][gc,stringtable] GC(5) Cleaned string and symbol table, strings: 10027 processed, 11 removed, symbols: 81587 processed, 10 removed
[2021-01-12T22:52:36.105+0200][gc            ] GC(5) Pause Remark 143M->143M(1024M) 1.759ms
[2021-01-12T22:52:36.105+0200][gc,cpu        ] GC(5) User=0.02s Sys=0.00s Real=0.00s
[2021-01-12T22:52:36.105+0200][gc,marking    ] GC(5) Concurrent Rebuild Remembered Sets
[2021-01-12T22:52:36.108+0200][gc,marking    ] GC(5) Concurrent Rebuild Remembered Sets 3.458ms
[2021-01-12T22:52:36.108+0200][gc,start      ] GC(5) Pause Cleanup
[2021-01-12T22:52:36.108+0200][gc            ] GC(5) Pause Cleanup 143M->143M(1024M) 0.139ms
[2021-01-12T22:52:36.108+0200][gc,cpu        ] GC(5) User=0.00s Sys=0.00s Real=0.00s
[2021-01-12T22:52:36.108+0200][gc,marking    ] GC(5) Concurrent Cleanup for Next Mark
[2021-01-12T22:52:36.111+0200][gc,marking    ] GC(5) Concurrent Cleanup for Next Mark 2.532ms
[2021-01-12T22:52:36.111+0200][gc            ] GC(5) Concurrent Cycle 15.446ms
[2021-01-12T22:58:06.158+0200][gc,start      ] GC(6) Pause Young (Normal) (G1 Evacuation Pause)
[2021-01-12T22:58:06.158+0200][gc,task       ] GC(6) Using 10 workers of 10 for evacuation
[2021-01-12T22:58:06.165+0200][gc,phases     ] GC(6)   Pre Evacuate Collection Set: 0.0ms
[2021-01-12T22:58:06.165+0200][gc,phases     ] GC(6)   Evacuate Collection Set: 5.6ms
[2021-01-12T22:58:06.165+0200][gc,phases     ] GC(6)   Post Evacuate Collection Set: 0.6ms
[2021-01-12T22:58:06.165+0200][gc,phases     ] GC(6)   Other: 0.4ms
[2021-01-12T22:58:06.165+0200][gc,heap       ] GC(6) Eden regions: 49->0(47)
[2021-01-12T22:58:06.165+0200][gc,heap       ] GC(6) Survivor regions: 2->4(7)
[2021-01-12T22:58:06.165+0200][gc,heap       ] GC(6) Old regions: 13->13
[2021-01-12T22:58:06.165+0200][gc,heap       ] GC(6) Humongous regions: 129->129
[2021-01-12T22:58:06.165+0200][gc,metaspace  ] GC(6) Metaspace: 40341K->40341K(1085440K)
[2021-01-12T22:58:06.165+0200][gc            ] GC(6) Pause Young (Normal) (G1 Evacuation Pause) 190M->144M(1024M) 6.616ms
[2021-01-12T22:58:06.165+0200][gc,cpu        ] GC(6) User=0.05s Sys=0.01s Real=0.01s
[2021-01-12T23:26:47.341+0200][gc,start      ] GC(7) Pause Young (Normal) (G1 Evacuation Pause)
[2021-01-12T23:26:47.341+0200][gc,task       ] GC(7) Using 10 workers of 10 for evacuation
[2021-01-12T23:26:47.348+0200][gc,phases     ] GC(7)   Pre Evacuate Collection Set: 0.0ms
[2021-01-12T23:26:47.348+0200][gc,phases     ] GC(7)   Evacuate Collection Set: 6.0ms
[2021-01-12T23:26:47.348+0200][gc,phases     ] GC(7)   Post Evacuate Collection Set: 0.4ms
[2021-01-12T23:26:47.348+0200][gc,phases     ] GC(7)   Other: 0.4ms
[2021-01-12T23:26:47.348+0200][gc,heap       ] GC(7) Eden regions: 47->0(47)
[2021-01-12T23:26:47.348+0200][gc,heap       ] GC(7) Survivor regions: 4->4(7)
[2021-01-12T23:26:47.348+0200][gc,heap       ] GC(7) Old regions: 13->14
[2021-01-12T23:26:47.348+0200][gc,heap       ] GC(7) Humongous regions: 129->129
[2021-01-12T23:26:47.348+0200][gc,metaspace  ] GC(7) Metaspace: 41115K->41115K(1087488K)
[2021-01-12T23:26:47.348+0200][gc            ] GC(7) Pause Young (Normal) (G1 Evacuation Pause) 191M->144M(1024M) 6.848ms
[2021-01-12T23:26:47.348+0200][gc,cpu        ] GC(7) User=0.05s Sys=0.01s Real=0.01s
[2021-01-13T09:44:53.826+0200][gc,start      ] GC(8) Pause Young (Normal) (G1 Evacuation Pause)
[2021-01-13T09:44:53.826+0200][gc,task       ] GC(8) Using 10 workers of 10 for evacuation
[2021-01-13T09:44:53.833+0200][gc,phases     ] GC(8)   Pre Evacuate Collection Set: 0.0ms
[2021-01-13T09:44:53.833+0200][gc,phases     ] GC(8)   Evacuate Collection Set: 5.0ms
[2021-01-13T09:44:53.833+0200][gc,phases     ] GC(8)   Post Evacuate Collection Set: 1.3ms
[2021-01-13T09:44:53.833+0200][gc,phases     ] GC(8)   Other: 0.3ms
[2021-01-13T09:44:53.833+0200][gc,heap       ] GC(8) Eden regions: 47->0(48)
[2021-01-13T09:44:53.833+0200][gc,heap       ] GC(8) Survivor regions: 4->3(7)
[2021-01-13T09:44:53.833+0200][gc,heap       ] GC(8) Old regions: 14->14
[2021-01-13T09:44:53.833+0200][gc,heap       ] GC(8) Humongous regions: 129->129
[2021-01-13T09:44:53.833+0200][gc,metaspace  ] GC(8) Metaspace: 41510K->41510K(1087488K)
[2021-01-13T09:44:53.833+0200][gc            ] GC(8) Pause Young (Normal) (G1 Evacuation Pause) 191M->144M(1024M) 6.886ms
[2021-01-13T09:44:53.833+0200][gc,cpu        ] GC(8) User=0.04s Sys=0.02s Real=0.01s
[2021-01-13T10:10:45.001+0200][gc,start      ] GC(9) Pause Young (Normal) (G1 Evacuation Pause)
[2021-01-13T10:10:45.001+0200][gc,task       ] GC(9) Using 10 workers of 10 for evacuation
[2021-01-13T10:10:45.008+0200][gc,phases     ] GC(9)   Pre Evacuate Collection Set: 0.0ms
[2021-01-13T10:10:45.008+0200][gc,phases     ] GC(9)   Evacuate Collection Set: 5.7ms
[2021-01-13T10:10:45.008+0200][gc,phases     ] GC(9)   Post Evacuate Collection Set: 1.2ms
[2021-01-13T10:10:45.008+0200][gc,phases     ] GC(9)   Other: 0.3ms
[2021-01-13T10:10:45.008+0200][gc,heap       ] GC(9) Eden regions: 48->0(48)
[2021-01-13T10:10:45.008+0200][gc,heap       ] GC(9) Survivor regions: 3->3(7)
[2021-01-13T10:10:45.008+0200][gc,heap       ] GC(9) Old regions: 14->14
[2021-01-13T10:10:45.008+0200][gc,heap       ] GC(9) Humongous regions: 129->129
[2021-01-13T10:10:45.008+0200][gc,metaspace  ] GC(9) Metaspace: 41623K->41623K(1087488K)
[2021-01-13T10:10:45.008+0200][gc            ] GC(9) Pause Young (Normal) (G1 Evacuation Pause) 192M->144M(1024M) 7.460ms
[2021-01-13T10:10:45.008+0200][gc,cpu        ] GC(9) User=0.05s Sys=0.01s Real=0.01s
[2021-01-13T10:37:18.809+0200][gc,start      ] GC(10) Pause Young (Normal) (G1 Evacuation Pause)
[2021-01-13T10:37:18.810+0200][gc,task       ] GC(10) Using 10 workers of 10 for evacuation
[2021-01-13T10:37:18.818+0200][gc,phases     ] GC(10)   Pre Evacuate Collection Set: 0.0ms
[2021-01-13T10:37:18.818+0200][gc,phases     ] GC(10)   Evacuate Collection Set: 6.6ms
[2021-01-13T10:37:18.818+0200][gc,phases     ] GC(10)   Post Evacuate Collection Set: 1.2ms
[2021-01-13T10:37:18.818+0200][gc,phases     ] GC(10)   Other: 0.3ms
[2021-01-13T10:37:18.818+0200][gc,heap       ] GC(10) Eden regions: 48->0(51)
[2021-01-13T10:37:18.818+0200][gc,heap       ] GC(10) Survivor regions: 3->3(7)
[2021-01-13T10:37:18.818+0200][gc,heap       ] GC(10) Old regions: 14->14
[2021-01-13T10:37:18.818+0200][gc,heap       ] GC(10) Humongous regions: 129->129
[2021-01-13T10:37:18.818+0200][gc,metaspace  ] GC(10) Metaspace: 41672K->41672K(1087488K)
[2021-01-13T10:37:18.818+0200][gc            ] GC(10) Pause Young (Normal) (G1 Evacuation Pause) 192M->144M(1024M) 8.445ms
[2021-01-13T10:37:18.818+0200][gc,cpu        ] GC(10) User=0.04s Sys=0.02s Real=0.01s
[2021-01-13T11:05:43.308+0200][gc,start      ] GC(11) Pause Young (Normal) (G1 Evacuation Pause)
[2021-01-13T11:05:43.308+0200][gc,task       ] GC(11) Using 10 workers of 10 for evacuation
[2021-01-13T11:05:43.317+0200][gc,phases     ] GC(11)   Pre Evacuate Collection Set: 0.0ms
[2021-01-13T11:05:43.317+0200][gc,phases     ] GC(11)   Evacuate Collection Set: 7.3ms
[2021-01-13T11:05:43.317+0200][gc,phases     ] GC(11)   Post Evacuate Collection Set: 1.3ms
[2021-01-13T11:05:43.317+0200][gc,phases     ] GC(11)   Other: 0.4ms
[2021-01-13T11:05:43.317+0200][gc,heap       ] GC(11) Eden regions: 51->0(54)
[2021-01-13T11:05:43.317+0200][gc,heap       ] GC(11) Survivor regions: 3->3(7)
[2021-01-13T11:05:43.317+0200][gc,heap       ] GC(11) Old regions: 14->14
[2021-01-13T11:05:43.317+0200][gc,heap       ] GC(11) Humongous regions: 129->129
[2021-01-13T11:05:43.317+0200][gc,metaspace  ] GC(11) Metaspace: 41723K->41723K(1087488K)
[2021-01-13T11:05:43.317+0200][gc            ] GC(11) Pause Young (Normal) (G1 Evacuation Pause) 195M->144M(1024M) 9.242ms
[2021-01-13T11:05:43.317+0200][gc,cpu        ] GC(11) User=0.06s Sys=0.01s Real=0.01s
[2021-01-13T11:35:50.277+0200][gc,start      ] GC(12) Pause Young (Normal) (G1 Evacuation Pause)
[2021-01-13T11:35:50.277+0200][gc,task       ] GC(12) Using 10 workers of 10 for evacuation
[2021-01-13T11:35:50.284+0200][gc,phases     ] GC(12)   Pre Evacuate Collection Set: 0.0ms
[2021-01-13T11:35:50.284+0200][gc,phases     ] GC(12)   Evacuate Collection Set: 5.1ms
[2021-01-13T11:35:50.284+0200][gc,phases     ] GC(12)   Post Evacuate Collection Set: 1.2ms
[2021-01-13T11:35:50.284+0200][gc,phases     ] GC(12)   Other: 0.3ms
[2021-01-13T11:35:50.284+0200][gc,heap       ] GC(12) Eden regions: 54->0(57)
[2021-01-13T11:35:50.284+0200][gc,heap       ] GC(12) Survivor regions: 3->3(8)
[2021-01-13T11:35:50.284+0200][gc,heap       ] GC(12) Old regions: 14->14
[2021-01-13T11:35:50.284+0200][gc,heap       ] GC(12) Humongous regions: 129->129
[2021-01-13T11:35:50.284+0200][gc,metaspace  ] GC(12) Metaspace: 41735K->41735K(1087488K)
[2021-01-13T11:35:50.284+0200][gc            ] GC(12) Pause Young (Normal) (G1 Evacuation Pause) 198M->144M(1024M) 6.905ms
[2021-01-13T11:35:50.284+0200][gc,cpu        ] GC(12) User=0.03s Sys=0.03s Real=0.01s
[2021-01-13T12:07:42.535+0200][gc,start      ] GC(13) Pause Young (Normal) (G1 Evacuation Pause)
[2021-01-13T12:07:42.535+0200][gc,task       ] GC(13) Using 10 workers of 10 for evacuation
[2021-01-13T12:07:42.542+0200][gc,phases     ] GC(13)   Pre Evacuate Collection Set: 0.0ms
[2021-01-13T12:07:42.542+0200][gc,phases     ] GC(13)   Evacuate Collection Set: 6.2ms
[2021-01-13T12:07:42.542+0200][gc,phases     ] GC(13)   Post Evacuate Collection Set: 0.6ms
[2021-01-13T12:07:42.542+0200][gc,phases     ] GC(13)   Other: 0.3ms
[2021-01-13T12:07:42.542+0200][gc,heap       ] GC(13) Eden regions: 57->0(61)
[2021-01-13T12:07:42.542+0200][gc,heap       ] GC(13) Survivor regions: 3->3(8)
[2021-01-13T12:07:42.542+0200][gc,heap       ] GC(13) Old regions: 14->14
[2021-01-13T12:07:42.542+0200][gc,heap       ] GC(13) Humongous regions: 129->129
[2021-01-13T12:07:42.542+0200][gc,metaspace  ] GC(13) Metaspace: 41741K->41741K(1087488K)
[2021-01-13T12:07:42.542+0200][gc            ] GC(13) Pause Young (Normal) (G1 Evacuation Pause) 201M->144M(1024M) 7.133ms
[2021-01-13T12:07:42.542+0200][gc,cpu        ] GC(13) User=0.05s Sys=0.01s Real=0.01s
[2021-01-13T12:42:34.490+0200][gc,start      ] GC(14) Pause Young (Normal) (G1 Evacuation Pause)
[2021-01-13T12:42:34.490+0200][gc,task       ] GC(14) Using 10 workers of 10 for evacuation
[2021-01-13T12:42:34.499+0200][gc,phases     ] GC(14)   Pre Evacuate Collection Set: 0.0ms
[2021-01-13T12:42:34.499+0200][gc,phases     ] GC(14)   Evacuate Collection Set: 7.6ms
[2021-01-13T12:42:34.499+0200][gc,phases     ] GC(14)   Post Evacuate Collection Set: 1.2ms
[2021-01-13T12:42:34.499+0200][gc,phases     ] GC(14)   Other: 0.4ms
[2021-01-13T12:42:34.499+0200][gc,heap       ] GC(14) Eden regions: 61->0(65)
[2021-01-13T12:42:34.499+0200][gc,heap       ] GC(14) Survivor regions: 3->3(8)
[2021-01-13T12:42:34.499+0200][gc,heap       ] GC(14) Old regions: 14->14
[2021-01-13T12:42:34.499+0200][gc,heap       ] GC(14) Humongous regions: 129->129
[2021-01-13T12:42:34.499+0200][gc,metaspace  ] GC(14) Metaspace: 41748K->41748K(1087488K)
[2021-01-13T12:42:34.499+0200][gc            ] GC(14) Pause Young (Normal) (G1 Evacuation Pause) 205M->144M(1024M) 9.375ms
[2021-01-13T12:42:34.499+0200][gc,cpu        ] GC(14) User=0.06s Sys=0.02s Real=0.01s
[2021-01-13T13:16:33.824+0200][gc,start      ] GC(15) Pause Young (Normal) (G1 Evacuation Pause)
[2021-01-13T13:16:33.824+0200][gc,task       ] GC(15) Using 10 workers of 10 for evacuation
[2021-01-13T13:16:33.830+0200][gc,phases     ] GC(15)   Pre Evacuate Collection Set: 0.0ms
[2021-01-13T13:16:33.830+0200][gc,phases     ] GC(15)   Evacuate Collection Set: 4.2ms
[2021-01-13T13:16:33.830+0200][gc,phases     ] GC(15)   Post Evacuate Collection Set: 1.7ms
[2021-01-13T13:16:33.830+0200][gc,phases     ] GC(15)   Other: 0.2ms
[2021-01-13T13:16:33.830+0200][gc,heap       ] GC(15) Eden regions: 65->0(72)
[2021-01-13T13:16:33.830+0200][gc,heap       ] GC(15) Survivor regions: 3->4(9)
[2021-01-13T13:16:33.830+0200][gc,heap       ] GC(15) Old regions: 14->14
[2021-01-13T13:16:33.830+0200][gc,heap       ] GC(15) Humongous regions: 129->129
[2021-01-13T13:16:33.830+0200][gc,metaspace  ] GC(15) Metaspace: 42404K->42404K(1087488K)
[2021-01-13T13:16:33.830+0200][gc            ] GC(15) Pause Young (Normal) (G1 Evacuation Pause) 209M->144M(1024M) 6.266ms
[2021-01-13T13:16:33.830+0200][gc,cpu        ] GC(15) User=0.04s Sys=0.01s Real=0.00s
[2021-01-13T13:16:37.196+0200][gc,heap,exit  ] Heap
[2021-01-13T13:16:37.196+0200][gc,heap,exit  ]  garbage-first heap   total 1048576K, used 153198K [0x00000000c0000000, 0x0000000100000000)
[2021-01-13T13:16:37.196+0200][gc,heap,exit  ]   region size 1024K, 10 young (10240K), 4 survivors (4096K)
[2021-01-13T13:16:37.196+0200][gc,heap,exit  ]  Metaspace       used 42536K, capacity 44844K, committed 45184K, reserved 1087488K
[2021-01-13T13:16:37.196+0200][gc,heap,exit  ]   class space    used 5298K, capacity 6406K, committed 6528K, reserved 1048576K
