[2021-01-13T13:16:40.039+0200][gc,heap] Heap region size: 1M
[2021-01-13T13:16:40.052+0200][gc     ] Using G1
[2021-01-13T13:16:40.052+0200][gc,heap,coops] Heap address: 0x00000000c0000000, size: 1024 MB, Compressed Oops mode: 32-bit
[2021-01-13T13:16:40.053+0200][gc,cds       ] Mark closed archive regions in map: [0x00000000ffe00000, 0x00000000ffe6aff8]
[2021-01-13T13:16:40.053+0200][gc,cds       ] Mark open archive regions in map: [0x00000000ffc00000, 0x00000000ffc46ff8]
[2021-01-13T13:16:40.664+0200][gc,start     ] GC(0) Pause Young (Normal) (G1 Evacuation Pause)
[2021-01-13T13:16:40.665+0200][gc,task      ] GC(0) Using 10 workers of 10 for evacuation
[2021-01-13T13:16:40.671+0200][gc,phases    ] GC(0)   Pre Evacuate Collection Set: 0.0ms
[2021-01-13T13:16:40.671+0200][gc,phases    ] GC(0)   Evacuate Collection Set: 5.3ms
[2021-01-13T13:16:40.671+0200][gc,phases    ] GC(0)   Post Evacuate Collection Set: 0.3ms
[2021-01-13T13:16:40.671+0200][gc,phases    ] GC(0)   Other: 0.7ms
[2021-01-13T13:16:40.671+0200][gc,heap      ] GC(0) Eden regions: 51->0(44)
[2021-01-13T13:16:40.671+0200][gc,heap      ] GC(0) Survivor regions: 0->7(7)
[2021-01-13T13:16:40.671+0200][gc,heap      ] GC(0) Old regions: 2->2
[2021-01-13T13:16:40.671+0200][gc,heap      ] GC(0) Humongous regions: 0->0
[2021-01-13T13:16:40.671+0200][gc,metaspace ] GC(0) Metaspace: 15665K->15665K(1062912K)
[2021-01-13T13:16:40.671+0200][gc           ] GC(0) Pause Young (Normal) (G1 Evacuation Pause) 51M->7M(1024M) 6.374ms
[2021-01-13T13:16:40.671+0200][gc,cpu       ] GC(0) User=0.05s Sys=0.00s Real=0.00s
[2021-01-13T13:16:40.824+0200][gc,start     ] GC(1) Pause Young (Concurrent Start) (Metadata GC Threshold)
[2021-01-13T13:16:40.824+0200][gc,task      ] GC(1) Using 10 workers of 10 for evacuation
[2021-01-13T13:16:40.829+0200][gc,phases    ] GC(1)   Pre Evacuate Collection Set: 0.0ms
[2021-01-13T13:16:40.829+0200][gc,phases    ] GC(1)   Evacuate Collection Set: 4.7ms
[2021-01-13T13:16:40.829+0200][gc,phases    ] GC(1)   Post Evacuate Collection Set: 0.2ms
[2021-01-13T13:16:40.829+0200][gc,phases    ] GC(1)   Other: 0.2ms
[2021-01-13T13:16:40.829+0200][gc,heap      ] GC(1) Eden regions: 20->0(50)
[2021-01-13T13:16:40.829+0200][gc,heap      ] GC(1) Survivor regions: 7->1(7)
[2021-01-13T13:16:40.829+0200][gc,heap      ] GC(1) Old regions: 2->9
[2021-01-13T13:16:40.829+0200][gc,heap      ] GC(1) Humongous regions: 0->0
[2021-01-13T13:16:40.829+0200][gc,metaspace ] GC(1) Metaspace: 20585K->20585K(1067008K)
[2021-01-13T13:16:40.829+0200][gc           ] GC(1) Pause Young (Concurrent Start) (Metadata GC Threshold) 26M->8M(1024M) 5.194ms
[2021-01-13T13:16:40.829+0200][gc,cpu       ] GC(1) User=0.03s Sys=0.00s Real=0.00s
[2021-01-13T13:16:40.829+0200][gc           ] GC(2) Concurrent Cycle
[2021-01-13T13:16:40.829+0200][gc,marking   ] GC(2) Concurrent Clear Claimed Marks
[2021-01-13T13:16:40.829+0200][gc,marking   ] GC(2) Concurrent Clear Claimed Marks 0.022ms
[2021-01-13T13:16:40.829+0200][gc,marking   ] GC(2) Concurrent Scan Root Regions
[2021-01-13T13:16:40.830+0200][gc,marking   ] GC(2) Concurrent Scan Root Regions 0.516ms
[2021-01-13T13:16:40.830+0200][gc,marking   ] GC(2) Concurrent Mark (0.796s)
[2021-01-13T13:16:40.830+0200][gc,marking   ] GC(2) Concurrent Mark From Roots
[2021-01-13T13:16:40.830+0200][gc,task      ] GC(2) Using 3 workers of 3 for marking
[2021-01-13T13:16:40.833+0200][gc,marking   ] GC(2) Concurrent Mark From Roots 3.692ms
[2021-01-13T13:16:40.833+0200][gc,marking   ] GC(2) Concurrent Preclean
[2021-01-13T13:16:40.833+0200][gc,marking   ] GC(2) Concurrent Preclean 0.070ms
[2021-01-13T13:16:40.833+0200][gc,marking   ] GC(2) Concurrent Mark (0.796s, 0.800s) 3.794ms
[2021-01-13T13:16:40.833+0200][gc,start     ] GC(2) Pause Remark
[2021-01-13T13:16:40.835+0200][gc,stringtable] GC(2) Cleaned string and symbol table, strings: 5024 processed, 0 removed, symbols: 49747 processed, 42 removed
[2021-01-13T13:16:40.836+0200][gc            ] GC(2) Pause Remark 9M->9M(1024M) 2.177ms
[2021-01-13T13:16:40.836+0200][gc,cpu        ] GC(2) User=0.02s Sys=0.00s Real=0.00s
[2021-01-13T13:16:40.836+0200][gc,marking    ] GC(2) Concurrent Rebuild Remembered Sets
[2021-01-13T13:16:40.837+0200][gc,marking    ] GC(2) Concurrent Rebuild Remembered Sets 1.660ms
[2021-01-13T13:16:40.837+0200][gc,start      ] GC(2) Pause Cleanup
[2021-01-13T13:16:40.838+0200][gc            ] GC(2) Pause Cleanup 9M->9M(1024M) 0.153ms
[2021-01-13T13:16:40.838+0200][gc,cpu        ] GC(2) User=0.00s Sys=0.00s Real=0.00s
[2021-01-13T13:16:40.838+0200][gc,marking    ] GC(2) Concurrent Cleanup for Next Mark
[2021-01-13T13:16:40.839+0200][gc,marking    ] GC(2) Concurrent Cleanup for Next Mark 1.596ms
[2021-01-13T13:16:40.839+0200][gc            ] GC(2) Concurrent Cycle 10.236ms
[2021-01-13T13:16:41.352+0200][gc,start      ] GC(3) Pause Young (Normal) (G1 Evacuation Pause)
[2021-01-13T13:16:41.353+0200][gc,task       ] GC(3) Using 10 workers of 10 for evacuation
[2021-01-13T13:16:41.355+0200][gc,phases     ] GC(3)   Pre Evacuate Collection Set: 0.0ms
[2021-01-13T13:16:41.355+0200][gc,phases     ] GC(3)   Evacuate Collection Set: 1.5ms
[2021-01-13T13:16:41.355+0200][gc,phases     ] GC(3)   Post Evacuate Collection Set: 0.6ms
[2021-01-13T13:16:41.355+0200][gc,phases     ] GC(3)   Other: 0.1ms
[2021-01-13T13:16:41.355+0200][gc,heap       ] GC(3) Eden regions: 50->0(46)
[2021-01-13T13:16:41.355+0200][gc,heap       ] GC(3) Survivor regions: 1->5(7)
[2021-01-13T13:16:41.355+0200][gc,heap       ] GC(3) Old regions: 9->9
[2021-01-13T13:16:41.355+0200][gc,heap       ] GC(3) Humongous regions: 129->129
[2021-01-13T13:16:41.355+0200][gc,metaspace  ] GC(3) Metaspace: 29281K->29281K(1075200K)
[2021-01-13T13:16:41.355+0200][gc            ] GC(3) Pause Young (Normal) (G1 Evacuation Pause) 187M->140M(1024M) 2.274ms
[2021-01-13T13:16:41.355+0200][gc,cpu        ] GC(3) User=0.02s Sys=0.01s Real=0.01s
[2021-01-13T13:16:41.527+0200][gc,start      ] GC(4) Pause Young (Concurrent Start) (Metadata GC Threshold)
[2021-01-13T13:16:41.527+0200][gc,task       ] GC(4) Using 10 workers of 10 for evacuation
[2021-01-13T13:16:41.531+0200][gc,phases     ] GC(4)   Pre Evacuate Collection Set: 0.1ms
[2021-01-13T13:16:41.531+0200][gc,phases     ] GC(4)   Evacuate Collection Set: 3.2ms
[2021-01-13T13:16:41.531+0200][gc,phases     ] GC(4)   Post Evacuate Collection Set: 0.3ms
[2021-01-13T13:16:41.531+0200][gc,phases     ] GC(4)   Other: 0.2ms
[2021-01-13T13:16:41.531+0200][gc,heap       ] GC(4) Eden regions: 25->0(45)
[2021-01-13T13:16:41.531+0200][gc,heap       ] GC(4) Survivor regions: 5->6(7)
[2021-01-13T13:16:41.531+0200][gc,heap       ] GC(4) Old regions: 9->9
[2021-01-13T13:16:41.531+0200][gc,heap       ] GC(4) Humongous regions: 129->129
[2021-01-13T13:16:41.531+0200][gc,metaspace  ] GC(4) Metaspace: 34579K->34579K(1081344K)
[2021-01-13T13:16:41.531+0200][gc            ] GC(4) Pause Young (Concurrent Start) (Metadata GC Threshold) 164M->142M(1024M) 3.766ms
[2021-01-13T13:16:41.531+0200][gc,cpu        ] GC(4) User=0.03s Sys=0.00s Real=0.00s
[2021-01-13T13:16:41.531+0200][gc            ] GC(5) Concurrent Cycle
[2021-01-13T13:16:41.531+0200][gc,marking    ] GC(5) Concurrent Clear Claimed Marks
[2021-01-13T13:16:41.531+0200][gc,marking    ] GC(5) Concurrent Clear Claimed Marks 0.075ms
[2021-01-13T13:16:41.531+0200][gc,marking    ] GC(5) Concurrent Scan Root Regions
[2021-01-13T13:16:41.532+0200][gc,marking    ] GC(5) Concurrent Scan Root Regions 1.286ms
[2021-01-13T13:16:41.532+0200][gc,marking    ] GC(5) Concurrent Mark (1.498s)
[2021-01-13T13:16:41.532+0200][gc,marking    ] GC(5) Concurrent Mark From Roots
[2021-01-13T13:16:41.532+0200][gc,task       ] GC(5) Using 3 workers of 3 for marking
[2021-01-13T13:16:41.537+0200][gc,marking    ] GC(5) Concurrent Mark From Roots 4.232ms
[2021-01-13T13:16:41.537+0200][gc,marking    ] GC(5) Concurrent Preclean
[2021-01-13T13:16:41.537+0200][gc,marking    ] GC(5) Concurrent Preclean 0.059ms
[2021-01-13T13:16:41.537+0200][gc,marking    ] GC(5) Concurrent Mark (1.498s, 1.503s) 4.325ms
[2021-01-13T13:16:41.537+0200][gc,start      ] GC(5) Pause Remark
[2021-01-13T13:16:41.538+0200][gc,stringtable] GC(5) Cleaned string and symbol table, strings: 10265 processed, 10 removed, symbols: 81737 processed, 10 removed
[2021-01-13T13:16:41.539+0200][gc            ] GC(5) Pause Remark 143M->143M(1024M) 1.831ms
[2021-01-13T13:16:41.539+0200][gc,cpu        ] GC(5) User=0.02s Sys=0.00s Real=0.00s
[2021-01-13T13:16:41.539+0200][gc,marking    ] GC(5) Concurrent Rebuild Remembered Sets
[2021-01-13T13:16:41.541+0200][gc,marking    ] GC(5) Concurrent Rebuild Remembered Sets 2.317ms
[2021-01-13T13:16:41.541+0200][gc,start      ] GC(5) Pause Cleanup
[2021-01-13T13:16:41.541+0200][gc            ] GC(5) Pause Cleanup 144M->144M(1024M) 0.181ms
[2021-01-13T13:16:41.541+0200][gc,cpu        ] GC(5) User=0.01s Sys=0.00s Real=0.00s
[2021-01-13T13:16:41.541+0200][gc,marking    ] GC(5) Concurrent Cleanup for Next Mark
[2021-01-13T13:16:41.543+0200][gc,marking    ] GC(5) Concurrent Cleanup for Next Mark 1.977ms
[2021-01-13T13:16:41.543+0200][gc            ] GC(5) Concurrent Cycle 12.374ms
[2021-01-13T13:17:02.839+0200][gc,heap,exit  ] Heap
[2021-01-13T13:17:02.839+0200][gc,heap,exit  ]  garbage-first heap   total 1048576K, used 186566K [0x00000000c0000000, 0x0000000100000000)
[2021-01-13T13:17:02.839+0200][gc,heap,exit  ]   region size 1024K, 35 young (35840K), 6 survivors (6144K)
[2021-01-13T13:17:02.839+0200][gc,heap,exit  ]  Metaspace       used 38248K, capacity 40018K, committed 40064K, reserved 1083392K
[2021-01-13T13:17:02.839+0200][gc,heap,exit  ]   class space    used 4676K, capacity 5486K, committed 5504K, reserved 1048576K
