[2021-01-12T22:49:20.989+0200][gc,heap] Heap region size: 1M
[2021-01-12T22:49:20.997+0200][gc     ] Using G1
[2021-01-12T22:49:20.997+0200][gc,heap,coops] Heap address: 0x00000000c0000000, size: 1024 MB, Compressed Oops mode: 32-bit
[2021-01-12T22:49:20.998+0200][gc,cds       ] Mark closed archive regions in map: [0x00000000ffe00000, 0x00000000ffe6aff8]
[2021-01-12T22:49:20.998+0200][gc,cds       ] Mark open archive regions in map: [0x00000000ffc00000, 0x00000000ffc46ff8]
[2021-01-12T22:49:21.559+0200][gc,start     ] GC(0) Pause Young (Normal) (G1 Evacuation Pause)
[2021-01-12T22:49:21.560+0200][gc,task      ] GC(0) Using 10 workers of 10 for evacuation
[2021-01-12T22:49:21.566+0200][gc,phases    ] GC(0)   Pre Evacuate Collection Set: 0.0ms
[2021-01-12T22:49:21.566+0200][gc,phases    ] GC(0)   Evacuate Collection Set: 5.4ms
[2021-01-12T22:49:21.566+0200][gc,phases    ] GC(0)   Post Evacuate Collection Set: 0.4ms
[2021-01-12T22:49:21.566+0200][gc,phases    ] GC(0)   Other: 1.2ms
[2021-01-12T22:49:21.566+0200][gc,heap      ] GC(0) Eden regions: 51->0(44)
[2021-01-12T22:49:21.566+0200][gc,heap      ] GC(0) Survivor regions: 0->7(7)
[2021-01-12T22:49:21.566+0200][gc,heap      ] GC(0) Old regions: 2->2
[2021-01-12T22:49:21.566+0200][gc,heap      ] GC(0) Humongous regions: 0->0
[2021-01-12T22:49:21.566+0200][gc,metaspace ] GC(0) Metaspace: 15665K->15665K(1062912K)
[2021-01-12T22:49:21.566+0200][gc           ] GC(0) Pause Young (Normal) (G1 Evacuation Pause) 51M->7M(1024M) 7.049ms
[2021-01-12T22:49:21.566+0200][gc,cpu       ] GC(0) User=0.05s Sys=0.00s Real=0.01s
[2021-01-12T22:49:21.722+0200][gc,start     ] GC(1) Pause Young (Concurrent Start) (Metadata GC Threshold)
[2021-01-12T22:49:21.722+0200][gc,task      ] GC(1) Using 10 workers of 10 for evacuation
[2021-01-12T22:49:21.726+0200][gc,phases    ] GC(1)   Pre Evacuate Collection Set: 0.0ms
[2021-01-12T22:49:21.726+0200][gc,phases    ] GC(1)   Evacuate Collection Set: 4.2ms
[2021-01-12T22:49:21.726+0200][gc,phases    ] GC(1)   Post Evacuate Collection Set: 0.3ms
[2021-01-12T22:49:21.726+0200][gc,phases    ] GC(1)   Other: 0.2ms
[2021-01-12T22:49:21.726+0200][gc,heap      ] GC(1) Eden regions: 20->0(50)
[2021-01-12T22:49:21.726+0200][gc,heap      ] GC(1) Survivor regions: 7->1(7)
[2021-01-12T22:49:21.726+0200][gc,heap      ] GC(1) Old regions: 2->9
[2021-01-12T22:49:21.726+0200][gc,heap      ] GC(1) Humongous regions: 0->0
[2021-01-12T22:49:21.727+0200][gc,metaspace ] GC(1) Metaspace: 20585K->20585K(1067008K)
[2021-01-12T22:49:21.727+0200][gc           ] GC(1) Pause Young (Concurrent Start) (Metadata GC Threshold) 26M->8M(1024M) 4.799ms
[2021-01-12T22:49:21.727+0200][gc,cpu       ] GC(1) User=0.02s Sys=0.01s Real=0.00s
[2021-01-12T22:49:21.727+0200][gc           ] GC(2) Concurrent Cycle
[2021-01-12T22:49:21.727+0200][gc,marking   ] GC(2) Concurrent Clear Claimed Marks
[2021-01-12T22:49:21.727+0200][gc,marking   ] GC(2) Concurrent Clear Claimed Marks 0.032ms
[2021-01-12T22:49:21.727+0200][gc,marking   ] GC(2) Concurrent Scan Root Regions
[2021-01-12T22:49:21.727+0200][gc,marking   ] GC(2) Concurrent Scan Root Regions 0.658ms
[2021-01-12T22:49:21.727+0200][gc,marking   ] GC(2) Concurrent Mark (0.742s)
[2021-01-12T22:49:21.727+0200][gc,marking   ] GC(2) Concurrent Mark From Roots
[2021-01-12T22:49:21.727+0200][gc,task      ] GC(2) Using 3 workers of 3 for marking
[2021-01-12T22:49:21.731+0200][gc,marking   ] GC(2) Concurrent Mark From Roots 3.420ms
[2021-01-12T22:49:21.731+0200][gc,marking   ] GC(2) Concurrent Preclean
[2021-01-12T22:49:21.731+0200][gc,marking   ] GC(2) Concurrent Preclean 0.081ms
[2021-01-12T22:49:21.731+0200][gc,marking   ] GC(2) Concurrent Mark (0.742s, 0.746s) 3.557ms
[2021-01-12T22:49:21.733+0200][gc,start     ] GC(2) Pause Remark
[2021-01-12T22:49:21.734+0200][gc,stringtable] GC(2) Cleaned string and symbol table, strings: 5028 processed, 0 removed, symbols: 50546 processed, 40 removed
[2021-01-12T22:49:21.734+0200][gc            ] GC(2) Pause Remark 9M->9M(1024M) 1.881ms
[2021-01-12T22:49:21.735+0200][gc,cpu        ] GC(2) User=0.01s Sys=0.00s Real=0.00s
[2021-01-12T22:49:21.735+0200][gc,marking    ] GC(2) Concurrent Rebuild Remembered Sets
[2021-01-12T22:49:21.736+0200][gc,marking    ] GC(2) Concurrent Rebuild Remembered Sets 1.790ms
[2021-01-12T22:49:21.737+0200][gc,start      ] GC(2) Pause Cleanup
[2021-01-12T22:49:21.737+0200][gc            ] GC(2) Pause Cleanup 9M->9M(1024M) 0.198ms
[2021-01-12T22:49:21.737+0200][gc,cpu        ] GC(2) User=0.00s Sys=0.00s Real=0.00s
[2021-01-12T22:49:21.737+0200][gc,marking    ] GC(2) Concurrent Cleanup for Next Mark
[2021-01-12T22:49:21.739+0200][gc,marking    ] GC(2) Concurrent Cleanup for Next Mark 1.938ms
[2021-01-12T22:49:21.739+0200][gc            ] GC(2) Concurrent Cycle 12.574ms
[2021-01-12T22:49:22.141+0200][gc,start      ] GC(3) Pause Young (Normal) (G1 Evacuation Pause)
[2021-01-12T22:49:22.141+0200][gc,task       ] GC(3) Using 10 workers of 10 for evacuation
[2021-01-12T22:49:22.143+0200][gc,phases     ] GC(3)   Pre Evacuate Collection Set: 0.0ms
[2021-01-12T22:49:22.143+0200][gc,phases     ] GC(3)   Evacuate Collection Set: 1.7ms
[2021-01-12T22:49:22.143+0200][gc,phases     ] GC(3)   Post Evacuate Collection Set: 0.3ms
[2021-01-12T22:49:22.143+0200][gc,phases     ] GC(3)   Other: 0.1ms
[2021-01-12T22:49:22.143+0200][gc,heap       ] GC(3) Eden regions: 50->0(46)
[2021-01-12T22:49:22.143+0200][gc,heap       ] GC(3) Survivor regions: 1->5(7)
[2021-01-12T22:49:22.143+0200][gc,heap       ] GC(3) Old regions: 9->9
[2021-01-12T22:49:22.143+0200][gc,heap       ] GC(3) Humongous regions: 129->129
[2021-01-12T22:49:22.143+0200][gc,metaspace  ] GC(3) Metaspace: 30493K->30493K(1077248K)
[2021-01-12T22:49:22.143+0200][gc            ] GC(3) Pause Young (Normal) (G1 Evacuation Pause) 187M->140M(1024M) 2.112ms
[2021-01-12T22:49:22.143+0200][gc,cpu        ] GC(3) User=0.02s Sys=0.01s Real=0.00s
[2021-01-12T22:49:51.768+0200][gc,start      ] GC(4) Pause Young (Concurrent Start) (Metadata GC Threshold)
[2021-01-12T22:49:51.769+0200][gc,task       ] GC(4) Using 10 workers of 10 for evacuation
[2021-01-12T22:49:51.786+0200][gc,phases     ] GC(4)   Pre Evacuate Collection Set: 0.2ms
[2021-01-12T22:49:51.786+0200][gc,phases     ] GC(4)   Evacuate Collection Set: 15.5ms
[2021-01-12T22:49:51.786+0200][gc,phases     ] GC(4)   Post Evacuate Collection Set: 0.9ms
[2021-01-12T22:49:51.786+0200][gc,phases     ] GC(4)   Other: 0.6ms
[2021-01-12T22:49:51.786+0200][gc,heap       ] GC(4) Eden regions: 20->0(49)
[2021-01-12T22:49:51.786+0200][gc,heap       ] GC(4) Survivor regions: 5->2(7)
[2021-01-12T22:49:51.786+0200][gc,heap       ] GC(4) Old regions: 9->13
[2021-01-12T22:49:51.786+0200][gc,heap       ] GC(4) Humongous regions: 129->129
[2021-01-12T22:49:51.786+0200][gc,metaspace  ] GC(4) Metaspace: 34552K->34552K(1081344K)
[2021-01-12T22:49:51.786+0200][gc            ] GC(4) Pause Young (Concurrent Start) (Metadata GC Threshold) 160M->142M(1024M) 17.590ms
[2021-01-12T22:49:51.786+0200][gc,cpu        ] GC(4) User=0.09s Sys=0.00s Real=0.01s
[2021-01-12T22:49:51.786+0200][gc            ] GC(5) Concurrent Cycle
[2021-01-12T22:49:51.786+0200][gc,marking    ] GC(5) Concurrent Clear Claimed Marks
[2021-01-12T22:49:51.786+0200][gc,marking    ] GC(5) Concurrent Clear Claimed Marks 0.162ms
[2021-01-12T22:49:51.786+0200][gc,marking    ] GC(5) Concurrent Scan Root Regions
[2021-01-12T22:49:51.789+0200][gc,marking    ] GC(5) Concurrent Scan Root Regions 2.491ms
[2021-01-12T22:49:51.789+0200][gc,marking    ] GC(5) Concurrent Mark (30.804s)
[2021-01-12T22:49:51.789+0200][gc,marking    ] GC(5) Concurrent Mark From Roots
[2021-01-12T22:49:51.789+0200][gc,task       ] GC(5) Using 3 workers of 3 for marking
[2021-01-12T22:49:51.805+0200][gc,marking    ] GC(5) Concurrent Mark From Roots 15.851ms
[2021-01-12T22:49:51.805+0200][gc,marking    ] GC(5) Concurrent Preclean
[2021-01-12T22:49:51.805+0200][gc,marking    ] GC(5) Concurrent Preclean 0.107ms
[2021-01-12T22:49:51.805+0200][gc,marking    ] GC(5) Concurrent Mark (30.804s, 30.820s) 16.032ms
[2021-01-12T22:49:51.805+0200][gc,start      ] GC(5) Pause Remark
[2021-01-12T22:49:51.807+0200][gc,stringtable] GC(5) Cleaned string and symbol table, strings: 10043 processed, 11 removed, symbols: 80931 processed, 8 removed
[2021-01-12T22:49:51.807+0200][gc            ] GC(5) Pause Remark 142M->142M(1024M) 1.708ms
[2021-01-12T22:49:51.807+0200][gc,cpu        ] GC(5) User=0.01s Sys=0.00s Real=0.01s
[2021-01-12T22:49:51.807+0200][gc,marking    ] GC(5) Concurrent Rebuild Remembered Sets
[2021-01-12T22:49:51.812+0200][gc,marking    ] GC(5) Concurrent Rebuild Remembered Sets 5.464ms
[2021-01-12T22:49:51.813+0200][gc,start      ] GC(5) Pause Cleanup
[2021-01-12T22:49:51.813+0200][gc            ] GC(5) Pause Cleanup 142M->142M(1024M) 0.201ms
[2021-01-12T22:49:51.813+0200][gc,cpu        ] GC(5) User=0.00s Sys=0.00s Real=0.00s
[2021-01-12T22:49:51.813+0200][gc,marking    ] GC(5) Concurrent Cleanup for Next Mark
[2021-01-12T22:49:51.815+0200][gc,marking    ] GC(5) Concurrent Cleanup for Next Mark 2.464ms
[2021-01-12T22:49:51.815+0200][gc            ] GC(5) Concurrent Cycle 29.140ms
[2021-01-12T22:52:24.764+0200][gc,heap,exit  ] Heap
[2021-01-12T22:52:24.764+0200][gc,heap,exit  ]  garbage-first heap   total 1048576K, used 169142K [0x00000000c0000000, 0x0000000100000000)
[2021-01-12T22:52:24.764+0200][gc,heap,exit  ]   region size 1024K, 26 young (26624K), 2 survivors (2048K)
[2021-01-12T22:52:24.764+0200][gc,heap,exit  ]  Metaspace       used 38029K, capacity 39826K, committed 39936K, reserved 1083392K
[2021-01-12T22:52:24.764+0200][gc,heap,exit  ]   class space    used 4761K, capacity 5621K, committed 5632K, reserved 1048576K
