[2021-01-13T13:16:26.696+0200][gc,heap] Heap region size: 1M
[2021-01-13T13:16:26.699+0200][gc     ] Using G1
[2021-01-13T13:16:26.699+0200][gc,heap,coops] Heap address: 0x00000000e0000000, size: 512 MB, Compressed Oops mode: 32-bit
[2021-01-13T13:16:26.699+0200][gc,cds       ] Mark closed archive regions in map: [0x00000000ffe00000, 0x00000000ffe6aff8]
[2021-01-13T13:16:26.699+0200][gc,cds       ] Mark open archive regions in map: [0x00000000ffc00000, 0x00000000ffc46ff8]
[2021-01-13T13:16:27.558+0200][gc,start     ] GC(0) Pause Young (Normal) (G1 Evacuation Pause)
[2021-01-13T13:16:27.560+0200][gc,task      ] GC(0) Using 10 workers of 10 for evacuation
[2021-01-13T13:16:27.570+0200][gc,phases    ] GC(0)   Pre Evacuate Collection Set: 0.0ms
[2021-01-13T13:16:27.570+0200][gc,phases    ] GC(0)   Evacuate Collection Set: 9.1ms
[2021-01-13T13:16:27.570+0200][gc,phases    ] GC(0)   Post Evacuate Collection Set: 0.4ms
[2021-01-13T13:16:27.570+0200][gc,phases    ] GC(0)   Other: 2.2ms
[2021-01-13T13:16:27.570+0200][gc,heap      ] GC(0) Eden regions: 25->0(21)
[2021-01-13T13:16:27.570+0200][gc,heap      ] GC(0) Survivor regions: 0->4(4)
[2021-01-13T13:16:27.570+0200][gc,heap      ] GC(0) Old regions: 2->4
[2021-01-13T13:16:27.570+0200][gc,heap      ] GC(0) Humongous regions: 0->0
[2021-01-13T13:16:27.570+0200][gc,metaspace ] GC(0) Metaspace: 7756K->7756K(1056768K)
[2021-01-13T13:16:27.570+0200][gc           ] GC(0) Pause Young (Normal) (G1 Evacuation Pause) 25M->6M(512M) 11.828ms
[2021-01-13T13:16:27.570+0200][gc,cpu       ] GC(0) User=0.08s Sys=0.01s Real=0.01s
[2021-01-13T13:17:01.043+0200][gc,heap,exit ] Heap
[2021-01-13T13:17:01.043+0200][gc,heap,exit ]  garbage-first heap   total 524288K, used 12372K [0x00000000e0000000, 0x0000000100000000)
[2021-01-13T13:17:01.043+0200][gc,heap,exit ]   region size 1024K, 11 young (11264K), 4 survivors (4096K)
[2021-01-13T13:17:01.043+0200][gc,heap,exit ]  Metaspace       used 8168K, capacity 8463K, committed 8704K, reserved 1056768K
[2021-01-13T13:17:01.043+0200][gc,heap,exit ]   class space    used 903K, capacity 1015K, committed 1024K, reserved 1048576K
