[2021-01-12T22:47:26.827+0200][gc,heap] Heap region size: 1M
[2021-01-12T22:47:26.832+0200][gc     ] Using G1
[2021-01-12T22:47:26.832+0200][gc,heap,coops] Heap address: 0x00000000e0000000, size: 512 MB, Compressed Oops mode: 32-bit
[2021-01-12T22:47:26.833+0200][gc,cds       ] Mark closed archive regions in map: [0x00000000ffe00000, 0x00000000ffe6aff8]
[2021-01-12T22:47:26.833+0200][gc,cds       ] Mark open archive regions in map: [0x00000000ffc00000, 0x00000000ffc46ff8]
[2021-01-12T22:47:27.085+0200][gc,heap,exit ] Heap
[2021-01-12T22:47:27.085+0200][gc,heap,exit ]  garbage-first heap   total 524288K, used 15048K [0x00000000e0000000, 0x0000000100000000)
[2021-01-12T22:47:27.085+0200][gc,heap,exit ]   region size 1024K, 15 young (15360K), 0 survivors (0K)
[2021-01-12T22:47:27.085+0200][gc,heap,exit ]  Metaspace       used 6060K, capacity 6371K, committed 6528K, reserved 1056768K
[2021-01-12T22:47:27.085+0200][gc,heap,exit ]   class space    used 695K, capacity 808K, committed 896K, reserved 1048576K
